// Jest Snapshot v1, https://goo.gl/fbAQLP

exports[`Customer component should be match with snapshot 1`] = `ReactWrapper {}`;
