// Jest Snapshot v1, https://goo.gl/fbAQLP

exports[`CustomerInfo component should be match with snapshot 1`] = `ShallowWrapper {}`;
