// Jest Snapshot v1, https://goo.gl/fbAQLP

exports[`LeadActions component should be match with snapshot 1`] = `ReactWrapper {}`;
