// Jest Snapshot v1, https://goo.gl/fbAQLP

exports[`Header component should be match with snapshot 1`] = `ShallowWrapper {}`;
